2026-08-26 13:28:23.97936 INFO::Writing function arguments to log file
2026-08-26 13:28:23.981067 DEBUG::Function arguments
2026-08-26 13:28:23.981854 DEBUG::Output folder: maaslin_results/Patinella_verrucaria
2026-08-26 13:28:23.982467 DEBUG::Min Abundance: 0.000000
2026-08-26 13:28:23.98327 DEBUG::Min Prevalence: 0.000000
2026-08-26 13:28:23.984078 DEBUG::Normalization: TSS
2026-08-26 13:28:23.984647 DEBUG::Transform: LOG
2026-08-26 13:28:23.985153 DEBUG::Analysis method: LM
2026-08-26 13:28:23.985711 DEBUG::Max significance: 0.250000
2026-08-26 13:28:23.986192 DEBUG::Random effects:
2026-08-26 13:28:23.986701 DEBUG::Fixed effects: SampleType
2026-08-26 13:28:23.98717 DEBUG::Correction method: BH
2026-08-26 13:28:23.987717 DEBUG::Standardize: FALSE
2026-08-26 13:28:23.998272 DEBUG::Cores: 1
2026-08-26 13:28:23.998962 INFO::Verifying options selected are valid
2026-08-26 13:28:24.000121 INFO::Determining format of input files
2026-08-26 13:28:24.002668 INFO::Input format is data samples as rows and metadata samples as rows
2026-08-26 13:28:24.008034 DEBUG::A total of 12 samples were found in both the data and metadata
2026-08-26 13:28:24.008914 DEBUG::Reordering data/metadata to use same sample ordering
2026-08-26 13:28:24.013143 INFO::Formula for fixed effects: expr ~  SampleType
2026-08-26 13:28:24.014764 INFO::Filter data based on min abundance and min prevalence
2026-08-26 13:28:24.016019 INFO::Total samples in data: 12
2026-08-26 13:28:24.017412 INFO::Min samples required with min abundance for a feature not to be filtered: 0.000000
2026-08-26 13:28:24.0219 INFO::Total filtered features: 0
2026-08-26 13:28:24.022904 INFO::Filtered feature names from abundance and prevalence filtering:
2026-08-26 13:28:24.028451 INFO::Total filtered features with variance filtering: 0
2026-08-26 13:28:24.029516 INFO::Filtered feature names from variance filtering:
2026-08-26 13:28:24.030385 INFO::Running selected normalization method: TSS
2026-08-26 13:28:24.034323 INFO::Bypass z-score application to metadata
2026-08-26 13:28:24.035867 INFO::Running selected transform method: LOG
2026-08-26 13:28:24.043699 INFO::Running selected analysis method: LM
2026-08-26 13:28:24.045647 INFO::Fitting model to feature number 1, e3bd4c321c5364d01871ebb503a1dc7e
2026-08-26 13:28:24.048779 INFO::Fitting model to feature number 2, X111e656543ece411bd2a1eb66fe7c829
2026-08-26 13:28:24.052127 INFO::Fitting model to feature number 3, X1a04461b51bc23b48c24529fbdb95d2b
2026-08-26 13:28:24.056632 INFO::Fitting model to feature number 4, X48c73c7418438db43c0cde9d59ccdd75
2026-08-26 13:28:24.060486 INFO::Fitting model to feature number 5, X9b08bed331b09ad329f05f289f6f6b1c
2026-08-26 13:28:24.062951 INFO::Fitting model to feature number 6, ed962067f3d3472675d24f92d6dda3b0
2026-08-26 13:28:24.064945 INFO::Fitting model to feature number 7, X5d10eace291cd6e21a10aa0b539c6675
2026-08-26 13:28:24.06739 INFO::Fitting model to feature number 8, a701ea3d792859ee95d76be492299b56
2026-08-26 13:28:24.070178 INFO::Fitting model to feature number 9, cd595c4d4718f235de7afa8a4fb1d827
2026-08-26 13:28:24.072295 INFO::Fitting model to feature number 10, X14f87010b759af5eba30b821ec5adbd7
2026-08-26 13:28:24.074347 INFO::Fitting model to feature number 11, a634a2821a34209d91ff6a23afaf0749
2026-08-26 13:28:24.076293 INFO::Fitting model to feature number 12, a4dd6d542fe6ec39d993a15f5526adba
2026-08-26 13:28:24.078183 INFO::Fitting model to feature number 13, cdbee4bce8b6c4799234b1539ed272e6
2026-08-26 13:28:24.080018 INFO::Fitting model to feature number 14, a30387bf30a75f6ab45d6e8ba3082804
2026-08-26 13:28:24.081956 INFO::Fitting model to feature number 15, b7279007573da839dc7d022d326a795c
2026-08-26 13:28:24.083771 INFO::Fitting model to feature number 16, X56335ac95e507e0bbb08dc360850bfe5
2026-08-26 13:28:24.085634 INFO::Fitting model to feature number 17, X2f5f939a9cb1a84c481d0d730257edfc
2026-08-26 13:28:24.087433 INFO::Fitting model to feature number 18, f6907f697361593491030f7dc8a198aa
2026-08-26 13:28:24.089295 INFO::Fitting model to feature number 19, c6ee8a2dc2752e9ceca077f36476e467
2026-08-26 13:28:24.09119 INFO::Fitting model to feature number 20, X75db9b4fe7a0f119947425627d6891bd
2026-08-26 13:28:24.09364 INFO::Fitting model to feature number 21, X5542f4f8f93034de29ef108852750947
2026-08-26 13:28:24.097017 INFO::Fitting model to feature number 22, X97e3e3c32da6c00e50e7febbd1e9fd2e
2026-08-26 13:28:24.099891 INFO::Fitting model to feature number 23, bbaa49db59da4b9d9c05ca4a337866f3
2026-08-26 13:28:24.102941 INFO::Fitting model to feature number 24, f495d6392152b685fee3ac09dfa0f382
2026-08-26 13:28:24.105823 INFO::Fitting model to feature number 25, e37325985104480c096f7fba13267f42
2026-08-26 13:28:24.108467 INFO::Fitting model to feature number 26, X38379288db02e084c195974a32fd0290
2026-08-26 13:28:24.111941 INFO::Fitting model to feature number 27, eda779de9198f9be9317ecf6596927a1
2026-08-26 13:28:24.115243 INFO::Fitting model to feature number 28, a34bef55267cd0e29ab88c1749b5f67f
2026-08-26 13:28:24.119512 INFO::Fitting model to feature number 29, ad7cea3f47c9e64cbe5f5544c27fb1c5
2026-08-26 13:28:24.122392 INFO::Fitting model to feature number 30, e00f5fdbe342c7e772ef846e7452911e
2026-08-26 13:28:24.124989 INFO::Fitting model to feature number 31, a86091032bf65639a7bae7d5232f0378
2026-08-26 13:28:24.127222 INFO::Fitting model to feature number 32, f37fdde7f16787d978cbda79b16b1354
2026-08-26 13:28:24.130907 INFO::Fitting model to feature number 33, eba5bfd092583ac8fee5fa9f326dbf28
2026-08-26 13:28:24.134214 INFO::Fitting model to feature number 34, ffcf4ed82045665508e925b0f4531d28
2026-08-26 13:28:24.13767 INFO::Fitting model to feature number 35, cf933f106f0a173a9e9a13f71baef32b
2026-08-26 13:28:24.140957 INFO::Fitting model to feature number 36, X6e0546931ed7eab1f41201aabb92be68
2026-08-26 13:28:24.144001 INFO::Fitting model to feature number 37, d3411bbafb4f9e5e06853a662b2ef9be
2026-08-26 13:28:24.147355 INFO::Fitting model to feature number 38, X6ace4e7664815b50cab6e2db8056b113
2026-08-26 13:28:24.149925 INFO::Fitting model to feature number 39, c8487b182705eaad35c8578b81969d20
2026-08-26 13:28:24.151943 INFO::Fitting model to feature number 40, X67b0631399914fc300a8246571dd2fc0
2026-08-26 13:28:24.154009 INFO::Fitting model to feature number 41, X5218fb6a47b2fc4bdbc66f967c9fd013
2026-08-26 13:28:24.155926 INFO::Fitting model to feature number 42, X8cff7bc3fb5f7586f26e4837583cb108
2026-08-26 13:28:24.157889 INFO::Fitting model to feature number 43, b3d73b5df65928a4f8c59f2eb7dcd58b
2026-08-26 13:28:24.159701 INFO::Fitting model to feature number 44, a6041ebe74034791d31efb06695a1651
2026-08-26 13:28:24.161595 INFO::Fitting model to feature number 45, bae957b9ca156334a740e37e8e72fffa
2026-08-26 13:28:24.163979 INFO::Fitting model to feature number 46, cded164d9fa3074d5c0980e0766a8974
2026-08-26 13:28:24.166025 INFO::Fitting model to feature number 47, X8425d4cf5f4dc882ae2abe971230a45c
2026-08-26 13:28:24.168065 INFO::Fitting model to feature number 48, dc0c1382289972508f62c1eb392febda
2026-08-26 13:28:24.170117 INFO::Fitting model to feature number 49, X19483975848ef1e1f6ba304df2b90196
2026-08-26 13:28:24.17225 INFO::Fitting model to feature number 50, fd985ae175439d14150ffc494c72f7ed
2026-08-26 13:28:24.174176 INFO::Fitting model to feature number 51, fbcc4b1b852cf931033fb27fbc44e355
2026-08-26 13:28:24.17637 INFO::Fitting model to feature number 52, X4c99063a98b560e23602bb9a246bf6f9
2026-08-26 13:28:24.178561 INFO::Fitting model to feature number 53, X2b171e4c26f481ddc20506b79877b519
2026-08-26 13:28:24.180632 INFO::Fitting model to feature number 54, X4d833bf0162967d91310d1a93db92ed2
2026-08-26 13:28:24.18264 INFO::Fitting model to feature number 55, faa5c0dcb53dc1ec6e0ad209e4b5f3ba
2026-08-26 13:28:24.185415 INFO::Fitting model to feature number 56, X624e722f9ce73da36d9972d68241ef8e
2026-08-26 13:28:24.188943 INFO::Fitting model to feature number 57, X58c4c519152238addd28ad789a0e3adc
2026-08-26 13:28:24.193447 INFO::Fitting model to feature number 58, X5234d703355574c2c5651a4064ff536f
2026-08-26 13:28:24.196769 INFO::Fitting model to feature number 59, f7460ef647b461ee5ad49fbeb5705652
2026-08-26 13:28:24.199546 INFO::Fitting model to feature number 60, b5cd41c77bc4eb8356b15ed52bb1cf5d
2026-08-26 13:28:24.2081 INFO::Fitting model to feature number 61, X54852a8e2846df6da292b067da6342fd
2026-08-26 13:28:24.212519 INFO::Fitting model to feature number 62, db30bfa14b0cd36a31d9d1bd5aae464f
2026-08-26 13:28:24.215517 INFO::Fitting model to feature number 63, b412ae178d00f4610eb08e2c5f1070e2
2026-08-26 13:28:24.218388 INFO::Fitting model to feature number 64, d48706c65b21f07c69d49493ae60607e
2026-08-26 13:28:24.221616 INFO::Fitting model to feature number 65, X2b6e42bf9200244b950fdda2491dd4ca
2026-08-26 13:28:24.224735 INFO::Fitting model to feature number 66, X883ae30d1e8f0fb3abb2bb36086f8989
2026-08-26 13:28:24.227604 INFO::Fitting model to feature number 67, X9bd20c6dd9e216eb9c62ab933e134da3
2026-08-26 13:28:24.230522 INFO::Fitting model to feature number 68, X0bbb87abc1df7dbdb3e7d3021088be73
2026-08-26 13:28:24.233453 INFO::Fitting model to feature number 69, cf2752910266aa9986d441f815389f2c
2026-08-26 13:28:24.236552 INFO::Fitting model to feature number 70, X2bbe9ffa11b7f8f8f39949efd572622e
2026-08-26 13:28:24.239747 INFO::Fitting model to feature number 71, X3022aecd3cf0ed1b4e11f5f364b31690
2026-08-26 13:28:24.242707 INFO::Fitting model to feature number 72, d350ed02e3e8ac5ff62590f2f6fa3906
2026-08-26 13:28:24.246022 INFO::Fitting model to feature number 73, X0cc9c55d721f5f3d43ec8bc2fe132d0e
2026-08-26 13:28:24.249233 INFO::Fitting model to feature number 74, X2d48d4e07d399d00cbf03606a2f42fb9
2026-08-26 13:28:24.25311 INFO::Fitting model to feature number 75, X1f72dd6c008e3e8541c463624c397a3b
2026-08-26 13:28:24.257392 INFO::Fitting model to feature number 76, X9596c2bc8e8edf429b2f5527e5647ea5
2026-08-26 13:28:24.25999 INFO::Fitting model to feature number 77, X1e1b7ddad02acecfc72680af8f2527db
2026-08-26 13:28:24.263591 INFO::Fitting model to feature number 78, f87bfb253d2783c1b609185e1cf2dc94
2026-08-26 13:28:24.266256 INFO::Fitting model to feature number 79, X55177c21ecc38c408908762a95ca460f
2026-08-26 13:28:24.268955 INFO::Fitting model to feature number 80, X729833d6acec1576dda09a91d2cb8922
2026-08-26 13:28:24.271803 INFO::Fitting model to feature number 81, b5fb61584fb688918ec8c5431cdd4547
2026-08-26 13:28:24.275943 INFO::Fitting model to feature number 82, c06de8efeadccec8f33dc90c9a63cc1d
2026-08-26 13:28:24.281055 INFO::Fitting model to feature number 83, a630681ba72a80c92a426efb3e574ab2
2026-08-26 13:28:24.285511 INFO::Fitting model to feature number 84, edcfb96c9964f3f9dc6f0621861a0b2f
2026-08-26 13:28:24.290281 INFO::Fitting model to feature number 85, X7d332824708bd7dd7c7bc731d027d0b5
2026-08-26 13:28:24.29872 INFO::Fitting model to feature number 86, X8a105578040aa0e67ef6f2e88aa77266
2026-08-26 13:28:24.303027 INFO::Fitting model to feature number 87, X7d372fe772be67fbd518123f6300b372
2026-08-26 13:28:24.30702 INFO::Fitting model to feature number 88, b28d50f8401c6660191fcf0576c96b5a
2026-08-26 13:28:24.311915 INFO::Fitting model to feature number 89, X1bd64880dd9696b130cbe87fcc4e86e5
2026-08-26 13:28:24.315781 INFO::Fitting model to feature number 90, d419d3173d0f1c706bf4ac47047c7bd6
2026-08-26 13:28:24.319315 INFO::Fitting model to feature number 91, X982b14ee9c90473a50e554429277cc32
2026-08-26 13:28:24.321918 INFO::Fitting model to feature number 92, X038046812a9ff4798a07dab883adc0a2
2026-08-26 13:28:24.324289 INFO::Fitting model to feature number 93, badeae06f9f02ed7567ab02f37fc1612
2026-08-26 13:28:24.337313 INFO::Fitting model to feature number 94, X2961c3455232ab30a84561187990fda7
2026-08-26 13:28:24.339554 INFO::Fitting model to feature number 95, ea5114b2e35c6ea63901f2e114fa7f39
2026-08-26 13:28:24.342126 INFO::Fitting model to feature number 96, X19ffcc8f06422b6b81f2a65bbf134dea
2026-08-26 13:28:24.344248 INFO::Fitting model to feature number 97, X6efcd9846560ff414ec2d5d259c0ec88
2026-08-26 13:28:24.346359 INFO::Fitting model to feature number 98, ddaebe95bb6bee3bffec43486832e623
2026-08-26 13:28:24.349681 INFO::Fitting model to feature number 99, X6845fe55f2b4f051a22bc167ef2b80ea
2026-08-26 13:28:24.353136 INFO::Fitting model to feature number 100, X720b43663d61f720cbda595a52767410
2026-08-26 13:28:24.355638 INFO::Fitting model to feature number 101, a873093c14011b2af25ae42d32316822
2026-08-26 13:28:24.357969 INFO::Fitting model to feature number 102, X91d3c495e42075de5293ed2d938b0f23
2026-08-26 13:28:24.360172 INFO::Fitting model to feature number 103, a9427da0505b7d58d739f5f494843f01
2026-08-26 13:28:24.362321 INFO::Fitting model to feature number 104, X46990b16973b280c326f4090aea28cf3
2026-08-26 13:28:24.364426 INFO::Fitting model to feature number 105, X183b1085ec7d9b20001265937f063710
2026-08-26 13:28:24.369909 INFO::Fitting model to feature number 106, X68e97f8c00f3cf84de842890290838fe
2026-08-26 13:28:24.374056 INFO::Fitting model to feature number 107, X2b4f167790f68d3446b92b90c163f2f4
2026-08-26 13:28:24.378382 INFO::Fitting model to feature number 108, b98daa18c668f922de33812aade51f0d
2026-08-26 13:28:24.38229 INFO::Fitting model to feature number 109, e293739f6148cc06666621b943e98b5c
2026-08-26 13:28:24.384914 INFO::Fitting model to feature number 110, X31f24c0e3e16424592a91c6b4756c393
2026-08-26 13:28:24.387761 INFO::Fitting model to feature number 111, ce04c5e50383bc87866e551d14443e51
2026-08-26 13:28:24.390477 INFO::Fitting model to feature number 112, X8f925b5c8d43eded04671d9dd477e5b5
2026-08-26 13:28:24.393324 INFO::Fitting model to feature number 113, X80380f29e51d9ff29653a529d29d3fc4
2026-08-26 13:28:24.396172 INFO::Fitting model to feature number 114, b640a831f0c28e6d60ba3f6b278f38fa
2026-08-26 13:28:24.399047 INFO::Fitting model to feature number 115, a1deaaf0aeaee1963f22f598b43bbe9a
2026-08-26 13:28:24.401167 INFO::Fitting model to feature number 116, ba857f609a4cb0fbddce7b8c84f7ba21
2026-08-26 13:28:24.403062 INFO::Fitting model to feature number 117, X577ab2fd63927a467fc472aa93939c74
2026-08-26 13:28:24.404972 INFO::Fitting model to feature number 118, X53bc8adad8a2eb8fcea6a2d2cd6106eb
2026-08-26 13:28:24.406764 INFO::Fitting model to feature number 119, X458339bd3c86a788ff2e3337546b4822
2026-08-26 13:28:24.408621 INFO::Fitting model to feature number 120, cfec4b0a232227b2b9ed13646008ecc6
2026-08-26 13:28:24.410476 INFO::Fitting model to feature number 121, e5f2f5b340711d60850625c424a2c2a5
2026-08-26 13:28:24.413864 INFO::Fitting model to feature number 122, X3441776b98130021c6d426dfd2725cf6
2026-08-26 13:28:24.416315 INFO::Fitting model to feature number 123, c635e68d37dc732efc7938b2d5938516
2026-08-26 13:28:24.421074 INFO::Fitting model to feature number 124, a7233f84db0360ad7535619a0b20e8bf
2026-08-26 13:28:24.425276 INFO::Fitting model to feature number 125, f053778ac11218db2855b879731e41f6
2026-08-26 13:28:24.428289 INFO::Fitting model to feature number 126, X4bca09b0e91f744c4183dd594d3790f4
2026-08-26 13:28:24.431022 INFO::Fitting model to feature number 127, X68617ca5f5f01ebf992bb4a6c8b2debd
2026-08-26 13:28:24.43371 INFO::Fitting model to feature number 128, bf0fc57d701c5060d650485ca2bca7b0
2026-08-26 13:28:24.435843 INFO::Fitting model to feature number 129, X6444657c0f5e7317624f71dc68a429f0
2026-08-26 13:28:24.437729 INFO::Fitting model to feature number 130, X398b27b58cd45cd00d44f536a9411b08
2026-08-26 13:28:24.439418 INFO::Fitting model to feature number 131, X920e2e6c1f1391db7e864c5b0496a18a
2026-08-26 13:28:24.441046 INFO::Fitting model to feature number 132, X2fb7e8d1f5e84a36d10885c3b68692f9
2026-08-26 13:28:24.442667 INFO::Fitting model to feature number 133, dc59078827f8caef7ddfa5b9090e86c3
2026-08-26 13:28:24.444391 INFO::Fitting model to feature number 134, c38eed8f2f2f07fc99e6135205c57cff
2026-08-26 13:28:24.445995 INFO::Fitting model to feature number 135, X982925871472c4f876909ed322877969
2026-08-26 13:28:24.447594 INFO::Fitting model to feature number 136, e710ba8eeb660e6dff2f183bb30d5c0b
2026-08-26 13:28:24.449257 INFO::Fitting model to feature number 137, X21834868880c333b901a52520bbd73ad
2026-08-26 13:28:24.450942 INFO::Fitting model to feature number 138, X5469b4f52bb3f11250795aa47af5fff5
2026-08-26 13:28:24.452668 INFO::Fitting model to feature number 139, c0cbc7be02ab7ab71ae694861accc33d
2026-08-26 13:28:24.454326 INFO::Fitting model to feature number 140, db1e957f641eea77586f338d6883f316
2026-08-26 13:28:24.456217 INFO::Fitting model to feature number 141, baa2303756ad35a4a7942e0e068297c9
2026-08-26 13:28:24.457929 INFO::Fitting model to feature number 142, X8cf2d6c9fedeb3cb3dbd20d6d82eabc3
2026-08-26 13:28:24.459647 INFO::Fitting model to feature number 143, X3e654b6a2f5c3f012508e5170d99c6e7
2026-08-26 13:28:24.46154 INFO::Fitting model to feature number 144, e7ec7f4a6af87d8d8cbb1a4dbf5f55ef
2026-08-26 13:28:24.46413 INFO::Fitting model to feature number 145, daa83b35584cb31b1770ad7d863ac3a1
2026-08-26 13:28:24.467109 INFO::Fitting model to feature number 146, X31fb49d7319338818e5c561cc3e8f134
2026-08-26 13:28:24.469316 INFO::Fitting model to feature number 147, c5e09db0eecbf5db9483cf3278206a7e
2026-08-26 13:28:24.473077 INFO::Fitting model to feature number 148, X0f46c35d6629feaffa5e8f4b256e255b
2026-08-26 13:28:24.476643 INFO::Fitting model to feature number 149, X5811fa589180d783a6b850974c3f0151
2026-08-26 13:28:24.479932 INFO::Fitting model to feature number 150, d137f3df2a73a2a19320c6248b490229
2026-08-26 13:28:24.482533 INFO::Fitting model to feature number 151, X5b56a9ab5f7005e998ba28fae84d0e2e
2026-08-26 13:28:24.485085 INFO::Fitting model to feature number 152, d77309793f82eb417d1458904160e46a
2026-08-26 13:28:24.487948 INFO::Fitting model to feature number 153, cc89912eed70e389ffa408ad458aac83
2026-08-26 13:28:24.49016 INFO::Fitting model to feature number 154, X0a05ee4d171b0d8a22c44965669531a1
2026-08-26 13:28:24.492324 INFO::Fitting model to feature number 155, e7da42f9000caabfe585a8d3d507975e
2026-08-26 13:28:24.494408 INFO::Fitting model to feature number 156, X66f407a78d0b08c3681c099ab327c567
2026-08-26 13:28:24.496449 INFO::Fitting model to feature number 157, db79242c961c3c2e613ebd14d7e1e3ce
2026-08-26 13:28:24.499932 INFO::Fitting model to feature number 158, X45b0423d1013166f5e0436130e71527a
2026-08-26 13:28:24.502498 INFO::Fitting model to feature number 159, e018027ae4ac53f0766656b67ac716cd
2026-08-26 13:28:24.504776 INFO::Fitting model to feature number 160, X0ba0d4c5a289facc80e0e481377a9e18
2026-08-26 13:28:24.506944 INFO::Fitting model to feature number 161, X6571c42e7d53e6149821aaea40426d89
2026-08-26 13:28:24.50934 INFO::Fitting model to feature number 162, X3e1100e30e07ea9579addecaf522eb67
2026-08-26 13:28:24.51168 INFO::Fitting model to feature number 163, c6c422e7937936cc8b3aa5a8b979de90
2026-08-26 13:28:24.513919 INFO::Fitting model to feature number 164, fdfeb6cc1c0dd2132cc2a7f29fb19f7f
2026-08-26 13:28:24.516774 INFO::Fitting model to feature number 165, a8c1050a587c5351b60d6de197951534
2026-08-26 13:28:24.520123 INFO::Fitting model to feature number 166, d33376accb73ed5f6287f6d1ff7e1e8f
2026-08-26 13:28:24.522296 INFO::Fitting model to feature number 167, c400bb9ef12cb34392453dd557713e2b
2026-08-26 13:28:24.524417 INFO::Fitting model to feature number 168, e750785f4ec0290b5b57ccbb9f86296c
2026-08-26 13:28:24.527463 INFO::Fitting model to feature number 169, X45ed967d7872177cb7a2c99505c352f4
2026-08-26 13:28:24.530422 INFO::Fitting model to feature number 170, X219274e4f902b9dff93071ea70e7b13e
2026-08-26 13:28:24.532936 INFO::Fitting model to feature number 171, X7f31912e1d91e22e8c7483b00c716d55
2026-08-26 13:28:24.536053 INFO::Fitting model to feature number 172, X3c0deb5ca627c2080a4a80c7d89c6096
2026-08-26 13:28:24.539301 INFO::Fitting model to feature number 173, X321a83a6e5fa7b84f7c14fac45af21c3
2026-08-26 13:28:24.54292 INFO::Fitting model to feature number 174, X664ddcd6b4bdb13116e4a71964fda54f
2026-08-26 13:28:24.545645 INFO::Fitting model to feature number 175, af0734d13d54fc12a56ffe1cea938f3b
2026-08-26 13:28:24.548833 INFO::Fitting model to feature number 176, X8837586ffddd9338f2c4fe7f542ff123
2026-08-26 13:28:24.551994 INFO::Fitting model to feature number 177, X0e5ada20c2862ce42779d0e00384b3c2
2026-08-26 13:28:24.554239 INFO::Fitting model to feature number 178, X80bc45a80fb514662f5268b75a0591c2
2026-08-26 13:28:24.556125 INFO::Fitting model to feature number 179, X897570e09d862d745dcb4fc5dd65d9a2
2026-08-26 13:28:24.557957 INFO::Fitting model to feature number 180, X7d90d5ed128c6d4519c33e4e5b4deda9
2026-08-26 13:28:24.55977 INFO::Fitting model to feature number 181, X526b3d453dadeaa8c15e168de5fb3739
2026-08-26 13:28:24.561564 INFO::Fitting model to feature number 182, X8c98595b50153db05b95a7c15b260525
2026-08-26 13:28:24.563474 INFO::Fitting model to feature number 183, X185474c3dc53ff6ff5abb3d7d564841a
2026-08-26 13:28:24.565305 INFO::Fitting model to feature number 184, X13bfbe035d4afd772a36eb36a3175948
2026-08-26 13:28:24.567181 INFO::Fitting model to feature number 185, dd3feb8bca4f233f9df1a182c90ff495
2026-08-26 13:28:24.569095 INFO::Fitting model to feature number 186, X90011a33899ed1c7b04fc135cbcc547c
2026-08-26 13:28:24.570985 INFO::Fitting model to feature number 187, X54b2938845517c66a88daab1b15b06a8
2026-08-26 13:28:24.572808 INFO::Fitting model to feature number 188, X99adee39d4a68f7259d23b10d85c577f
2026-08-26 13:28:24.574636 INFO::Fitting model to feature number 189, e754a39a858b1a95a88af59002c86f11
2026-08-26 13:28:24.576611 INFO::Fitting model to feature number 190, X5649447d0222bd34d28a6e5f13981af0
2026-08-26 13:28:24.578405 INFO::Fitting model to feature number 191, X53a92e0a2a33b772ceb161d8c83fdd54
2026-08-26 13:28:24.580211 INFO::Fitting model to feature number 192, X4eec64e26ba6ab8dc0be1e62d7bc5874
2026-08-26 13:28:24.58226 INFO::Fitting model to feature number 193, adb741c1bf4a08a13bdcc5433e8d3f6c
2026-08-26 13:28:24.585029 INFO::Fitting model to feature number 194, dd4288754e567d2598eb7d479a0c1051
2026-08-26 13:28:24.58741 INFO::Fitting model to feature number 195, X03737d438a719a353b424b11ed473145
2026-08-26 13:28:24.590602 INFO::Fitting model to feature number 196, c44ff307960c98eb2c3f6c5cf28a5e59
2026-08-26 13:28:24.595054 INFO::Fitting model to feature number 197, X7bbc62177baff660f822fd1f5ec70b87
2026-08-26 13:28:24.599088 INFO::Fitting model to feature number 198, X04db8fa0f286c42335556af597b5c346
2026-08-26 13:28:24.603843 INFO::Fitting model to feature number 199, X450b0f9dbaf395de258b2b6c62a5f5aa
2026-08-26 13:28:24.606322 INFO::Fitting model to feature number 200, X8f047e5609a7900ec2b5c96f79667db6
2026-08-26 13:28:24.608496 INFO::Fitting model to feature number 201, X9278c3ba31355d47f18a60ce54266a48
2026-08-26 13:28:24.610744 INFO::Fitting model to feature number 202, be3cb677392518f2eb047d5691a05c87
2026-08-26 13:28:24.614427 INFO::Fitting model to feature number 203, cd78e353ff7460b7e9e77db2ede05397
2026-08-26 13:28:24.617348 INFO::Fitting model to feature number 204, X46c4ec597d0d614f44f0b933737487cf
2026-08-26 13:28:24.61946 INFO::Fitting model to feature number 205, X169a0f5e6200d8505cc9a7bab3b1db9d
2026-08-26 13:28:24.621667 INFO::Fitting model to feature number 206, X8e57f969178d1b7b927cf520942dbdbc
2026-08-26 13:28:24.624797 INFO::Fitting model to feature number 207, X1bc7e599ad2dbd3c9e8128114addb62e
2026-08-26 13:28:24.627129 INFO::Fitting model to feature number 208, X0f067d3b0fcbcbb517d57a849a9928db
2026-08-26 13:28:24.629082 INFO::Fitting model to feature number 209, X82ba492fe9567ec975261e3ae90c35b5
2026-08-26 13:28:24.630982 INFO::Fitting model to feature number 210, a4249126c5ab1a9f4915ed66a50f9693
2026-08-26 13:28:24.633043 INFO::Fitting model to feature number 211, X2adee164dfb4a99d152d5bf80c5115fe
2026-08-26 13:28:24.635088 INFO::Fitting model to feature number 212, X56475205e4902df49ead20f52e86b8ef
2026-08-26 13:28:24.63714 INFO::Fitting model to feature number 213, eb59d87a05c456604ae43adeff40a282
2026-08-26 13:28:24.639131 INFO::Fitting model to feature number 214, a6905f293d92223e65dd6e1631fc40e8
2026-08-26 13:28:24.64114 INFO::Fitting model to feature number 215, d20f9a5bc3810caaba5b2c041c10e0cd
2026-08-26 13:28:24.643044 INFO::Fitting model to feature number 216, X19b61409df7c30d2664a677418a9277a
2026-08-26 13:28:24.645014 INFO::Fitting model to feature number 217, X14888fa4df557695367fd95574e2a921
2026-08-26 13:28:24.649523 INFO::Fitting model to feature number 218, b48a66a13d96875cba60b1e2f35f600e
2026-08-26 13:28:24.653444 INFO::Fitting model to feature number 219, X70c039d8c51974900eb441e93620c97e
2026-08-26 13:28:24.657561 INFO::Fitting model to feature number 220, X4e5dde1edf6195d5cc053de052ecd126
2026-08-26 13:28:24.66122 INFO::Fitting model to feature number 221, d7697e7d230b594140e4c42705222994
2026-08-26 13:28:24.663603 INFO::Fitting model to feature number 222, X3b437c4d2375e717fe51983c24c322da
2026-08-26 13:28:24.666817 INFO::Fitting model to feature number 223, f86b85ef1921a5a01654971edf04e830
2026-08-26 13:28:24.669382 INFO::Fitting model to feature number 224, d5fcf5df971a070340323457c4cb20ce
2026-08-26 13:28:24.672666 INFO::Fitting model to feature number 225, X933db767d1b3ad87196e86e7d73f8bd1
2026-08-26 13:28:24.677996 INFO::Fitting model to feature number 226, X11b7c459db9e25981b9e929a8098b1d9
2026-08-26 13:28:24.681466 INFO::Fitting model to feature number 227, X85f96df83ba14bf79a082e587b136d3d
2026-08-26 13:28:24.684876 INFO::Fitting model to feature number 228, a808d64656c89b269905004de83c1b9d
2026-08-26 13:28:24.688274 INFO::Fitting model to feature number 229, cc8f106544aa3a06a7f5ae350c8d3d47
2026-08-26 13:28:24.691294 INFO::Fitting model to feature number 230, X60dded71e53ec590874a5bcc2ded07a8
2026-08-26 13:28:24.6941 INFO::Fitting model to feature number 231, X7dfcf4cd9861f411497dd9ec9e5b3e21
2026-08-26 13:28:24.697281 INFO::Fitting model to feature number 232, e53d40931998c5c89278f8b7d89112fa
2026-08-26 13:28:24.700074 INFO::Fitting model to feature number 233, b73ffa6201a5453262b89a22e043e57c
2026-08-26 13:28:24.702448 INFO::Fitting model to feature number 234, X7ea06d2bb42e27fa68406d4602c2d01a
2026-08-26 13:28:24.704481 INFO::Fitting model to feature number 235, cdfa5bee668ff3eb1caa79fd0dd15408
2026-08-26 13:28:24.706473 INFO::Fitting model to feature number 236, X3a218447b4453c013ce47c49e91976ab
2026-08-26 13:28:24.708843 INFO::Fitting model to feature number 237, adf452cf20fe30e2e4e304f2bcfa5cb9
2026-08-26 13:28:24.711181 INFO::Fitting model to feature number 238, d6fd1639cbb76c7a57dc45b18c9557c2
2026-08-26 13:28:24.713386 INFO::Fitting model to feature number 239, c1e3d6a4f2a02d70acc7c3258e889732
2026-08-26 13:28:24.71645 INFO::Fitting model to feature number 240, f87f7020ab5d67d34abcf31cb140a695
2026-08-26 13:28:24.718932 INFO::Fitting model to feature number 241, X7e6d49ee79001adc19db0967b5346d7c
2026-08-26 13:28:24.720991 INFO::Fitting model to feature number 242, X215e80b70b5d79793cd4e6ec65a8862f
2026-08-26 13:28:24.724187 INFO::Fitting model to feature number 243, X6dd9d05b5d7e6b97dc14447e9014958c
2026-08-26 13:28:24.726357 INFO::Fitting model to feature number 244, X85a4a31224d0d94ef879027d2bbde7cd
2026-08-26 13:28:24.73032 INFO::Fitting model to feature number 245, X0919acf89fa8a15db3c351214f6e4f7c
2026-08-26 13:28:24.734878 INFO::Fitting model to feature number 246, X93d237ed88e3fa3ac6add0edd53fd6d7
2026-08-26 13:28:24.737264 INFO::Fitting model to feature number 247, X57b1ba0bd9185bc8ebed9f329a1fc9d5
2026-08-26 13:28:24.740436 INFO::Fitting model to feature number 248, X0765db298be63955af9135d02bd54685
2026-08-26 13:28:24.742776 INFO::Fitting model to feature number 249, cb0e124edf07cbadc75e0a41bc426860
2026-08-26 13:28:24.74529 INFO::Fitting model to feature number 250, X1db2aedb3113eb91e4c997379103dce7
2026-08-26 13:28:24.748213 INFO::Fitting model to feature number 251, cbfcfa78559eb03c7aedc778279a4240
2026-08-26 13:28:24.752058 INFO::Fitting model to feature number 252, X7fa28873744c745f7d97dbe6ad665978
2026-08-26 13:28:24.755058 INFO::Fitting model to feature number 253, a82ce85f5a3c652d7038a5ee1f4e5657
2026-08-26 13:28:24.757199 INFO::Fitting model to feature number 254, X46f49f7c7bbd8987ed371e1a8244060d
2026-08-26 13:28:24.759253 INFO::Fitting model to feature number 255, a46c68ade453c5b8cdc418a30ff62c46
2026-08-26 13:28:24.762586 INFO::Fitting model to feature number 256, X46ca097e633fe69ec90772cf148a72eb
2026-08-26 13:28:24.764724 INFO::Fitting model to feature number 257, X72f863cafb495d6e0f463b001e7dc17b
2026-08-26 13:28:24.766814 INFO::Fitting model to feature number 258, dee7e9e6328e4af5e481f88a1f796b2a
2026-08-26 13:28:24.77964 INFO::Fitting model to feature number 259, X259c5eec13102e419df44476763d7140
2026-08-26 13:28:24.782289 INFO::Fitting model to feature number 260, X7a4635c47c57c977fa50848aa4f78696
2026-08-26 13:28:24.78532 INFO::Fitting model to feature number 261, X93e61c21abafacf274094929526f103c
2026-08-26 13:28:24.7875 INFO::Fitting model to feature number 262, c30cad9fcfd8f81ab1ad5e4fd7791450
2026-08-26 13:28:24.790637 INFO::Fitting model to feature number 263, X4f5d5c70f37db3c66d86b59a75e416ee
2026-08-26 13:28:24.794332 INFO::Fitting model to feature number 264, b39c708f3cf7af879b004a5b52e3d713
2026-08-26 13:28:24.796818 INFO::Fitting model to feature number 265, f8831fa35e481423c9bf15d3f4049536
2026-08-26 13:28:24.799914 INFO::Fitting model to feature number 266, X6d1b4550c39b9e7fc04e81304d027825
2026-08-26 13:28:24.803201 INFO::Fitting model to feature number 267, X1a8f46c6f0720e2d4c80cccff1cea5da
2026-08-26 13:28:24.809156 INFO::Fitting model to feature number 268, d99c975c4769ca942e4ad18aad95ed25
2026-08-26 13:28:24.813808 INFO::Fitting model to feature number 269, X9879a750c4dcbe94271efc3a64a8dcc6
2026-08-26 13:28:24.818237 INFO::Fitting model to feature number 270, X0b84f4dd505d194c6ab896130bd862be
2026-08-26 13:28:24.821725 INFO::Fitting model to feature number 271, X2b72428ebbcbfc529a8aecf2ea37157c
2026-08-26 13:28:24.824872 INFO::Fitting model to feature number 272, X1263b941de1a0c2fb61d10f6b7e273da
2026-08-26 13:28:24.827205 INFO::Fitting model to feature number 273, X699df2ed93ea2ec71338ef381492fb73
2026-08-26 13:28:24.829702 INFO::Fitting model to feature number 274, X841bd1ff167cad165369d9d1cedac1ac
2026-08-26 13:28:24.83185 INFO::Fitting model to feature number 275, X117e2ebeb25f17a7989fa76a7863d66d
2026-08-26 13:28:24.834841 INFO::Fitting model to feature number 276, b40fb7908173ee6634e537189d7d9f03
2026-08-26 13:28:24.837851 INFO::Fitting model to feature number 277, X993a6609cb6120cb5758850bd2226422
2026-08-26 13:28:24.840409 INFO::Fitting model to feature number 278, d29f81bb963e451423a48f884dbc05b0
2026-08-26 13:28:24.842528 INFO::Fitting model to feature number 279, X51072144763d6f2480df1cad15babda4
2026-08-26 13:28:24.845039 INFO::Fitting model to feature number 280, X4d5ea57ba7338b0aca057fb93a24b82b
2026-08-26 13:28:24.847387 INFO::Fitting model to feature number 281, X03b7ebba649372402d17bbbf49e40c41
2026-08-26 13:28:24.849564 INFO::Fitting model to feature number 282, X3bf1856285a2dec0bc12e7b95d049ba8
2026-08-26 13:28:24.852415 INFO::Fitting model to feature number 283, X31a5885a9cb13afe64320e722774bd4d
2026-08-26 13:28:24.854511 INFO::Fitting model to feature number 284, X23a99157e2d7180e199cdc7822f7492e
2026-08-26 13:28:24.856538 INFO::Fitting model to feature number 285, aba6a32d51a6f8f58979fb224b7df4f0
2026-08-26 13:28:24.858818 INFO::Fitting model to feature number 286, X330511b25fce830f4ad4b90a0e70a290
2026-08-26 13:28:24.861041 INFO::Fitting model to feature number 287, X49b49aa4f854bfe985ddbf1f9ab8f276
2026-08-26 13:28:24.864299 INFO::Fitting model to feature number 288, X02a66ea246a43083ba22855338d2aedf
2026-08-26 13:28:24.868602 INFO::Fitting model to feature number 289, X7ec8be180094b588aa83a84c0d44387e
2026-08-26 13:28:24.872595 INFO::Fitting model to feature number 290, dc0210300fb08da2e351ba9109b83299
2026-08-26 13:28:24.875382 INFO::Fitting model to feature number 291, X8954e705dd4c5b1dfad92994e335f8ad
2026-08-26 13:28:24.877985 INFO::Fitting model to feature number 292, d1c2dbff8bab642aee2570f744aa25f3
2026-08-26 13:28:24.88099 INFO::Fitting model to feature number 293, X15f70377a20620ede76a1f2a910a5fa2
2026-08-26 13:28:24.884746 INFO::Fitting model to feature number 294, X642e827f460c5d95f59e194ffe648b44
2026-08-26 13:28:24.889795 INFO::Fitting model to feature number 295, d892e186f5d0faef3dcb94743201ac8a
2026-08-26 13:28:24.893551 INFO::Fitting model to feature number 296, ba401d97a3d1fd259b0c9abfb61197a6
2026-08-26 13:28:24.896759 INFO::Fitting model to feature number 297, X53b0bf16a3ebf64cb2ca3854a7853e91
2026-08-26 13:28:24.899241 INFO::Fitting model to feature number 298, e78d09b226e1f479645c51a8c8464b2f
2026-08-26 13:28:24.90295 INFO::Fitting model to feature number 299, X3c24a5adabfcefd9f44d13f50384c57f
2026-08-26 13:28:24.905585 INFO::Fitting model to feature number 300, f6e4cd87626bf011085db7e4932434aa
2026-08-26 13:28:24.907905 INFO::Fitting model to feature number 301, X50b0abb5f69cba0b376a48ec81d7cb3c
2026-08-26 13:28:24.910267 INFO::Fitting model to feature number 302, f6a213d117e8ba43a58c22f63ca194d5
2026-08-26 13:28:24.912374 INFO::Fitting model to feature number 303, X60ef3e6936a0df613cd8639cf1d82dd8
2026-08-26 13:28:24.91442 INFO::Fitting model to feature number 304, b2d071236c8c5e05ed7419c04f5f5d9f
2026-08-26 13:28:24.916393 INFO::Fitting model to feature number 305, X1f9d114e8d3a20c7bb9811eeab731b17
2026-08-26 13:28:24.919233 INFO::Fitting model to feature number 306, X2991c3b434900ecc60487ed314bfc27f
2026-08-26 13:28:24.921657 INFO::Fitting model to feature number 307, X46a7475bfbd3a0d1254bcf3bf02c594a
2026-08-26 13:28:24.923673 INFO::Fitting model to feature number 308, ca230262e8f9c1e33852d876eea5b349
2026-08-26 13:28:24.926133 INFO::Fitting model to feature number 309, e54adf02fc94231bd3e96b4ddfee5c66
2026-08-26 13:28:24.928135 INFO::Fitting model to feature number 310, d3a60d931aed828666a7818a3da0ee38
2026-08-26 13:28:24.930086 INFO::Fitting model to feature number 311, ac4ac274d280050de041eaa56cbe3c92
2026-08-26 13:28:24.932039 INFO::Fitting model to feature number 312, ece0924dfd02ae945acc359b43d18d7c
2026-08-26 13:28:24.936822 INFO::Fitting model to feature number 313, X2e8af9adac6f4ac0f35ca1d4db4b5be0
2026-08-26 13:28:24.941351 INFO::Fitting model to feature number 314, X490311f3d1a99ebe1e75fc9ab2946594
2026-08-26 13:28:24.945667 INFO::Fitting model to feature number 315, X0086dc5db7606294d31e898aa5bef5f8
2026-08-26 13:28:24.950039 INFO::Fitting model to feature number 316, da0cb8571e674602e428f2c8fabde5f4
2026-08-26 13:28:24.95251 INFO::Fitting model to feature number 317, X0cc192b38e1221a0b3e341f4f2785cd5
2026-08-26 13:28:24.954782 INFO::Fitting model to feature number 318, X9b96de8eef438ca03df67532ff32f48e
2026-08-26 13:28:24.957555 INFO::Fitting model to feature number 319, X2a845e1e6a5d81b1811c5bd53bd61f64
2026-08-26 13:28:24.959609 INFO::Fitting model to feature number 320, X504bda43dba49a4c962dac812c8b799a
2026-08-26 13:28:24.961583 INFO::Fitting model to feature number 321, e86aff9d83cae9a0a12ce9418a82f731
2026-08-26 13:28:24.964335 INFO::Fitting model to feature number 322, bf95dfb02e41ebb233089a929da96e38
2026-08-26 13:28:24.966822 INFO::Fitting model to feature number 323, a1b552c937600d27a874e9da26affb54
2026-08-26 13:28:24.968842 INFO::Fitting model to feature number 324, X2e6ab736cc771264acd25eedac00cf96
2026-08-26 13:28:24.970866 INFO::Fitting model to feature number 325, X3d2cb4d432637a967953485f20f9eec5
2026-08-26 13:28:24.972865 INFO::Fitting model to feature number 326, X16ef6effe2d089ebb294151a41a1ec5b
2026-08-26 13:28:24.974846 INFO::Fitting model to feature number 327, d39c9edf0713ddc8fd73af7e060ec961
2026-08-26 13:28:24.976711 INFO::Fitting model to feature number 328, X29bcbd6e828d6286c99f762d0da66bfa
2026-08-26 13:28:24.978567 INFO::Fitting model to feature number 329, X2fc8e7aa4d676eb8db3fba379bb407a2
2026-08-26 13:28:24.980557 INFO::Fitting model to feature number 330, ff4a3ae241768379bc4514556b875686
2026-08-26 13:28:24.982373 INFO::Fitting model to feature number 331, X382df3e0baaef58683f1815a6dd0082f
2026-08-26 13:28:24.985192 INFO::Fitting model to feature number 332, ff61594f8ffc3973d7334ce2ee4ba2b4
2026-08-26 13:28:24.988798 INFO::Fitting model to feature number 333, X7f821b26f148d93626119f434dd5b5a5
2026-08-26 13:28:24.99107 INFO::Fitting model to feature number 334, fde8e84cce41b1ce4694d7b9a136fed0
2026-08-26 13:28:24.99316 INFO::Fitting model to feature number 335, b8347f9d4bef58efd4a4c8c3de76dada
2026-08-26 13:28:24.995412 INFO::Fitting model to feature number 336, d8e441e1d21eb2d0100711bad52afef1
2026-08-26 13:28:24.997785 INFO::Fitting model to feature number 337, X578cabc2ffdc8324871bfe6fcb86c8a9
2026-08-26 13:28:25.001416 INFO::Fitting model to feature number 338, dbf6d7757be706cf55237aa9474e6fe2
2026-08-26 13:28:25.005219 INFO::Fitting model to feature number 339, X9b1687e3f44ec77e101fdcb240a42150
2026-08-26 13:28:25.010057 INFO::Fitting model to feature number 340, a3638e5a8bffb4368ccea337e4bf88bd
2026-08-26 13:28:25.012573 INFO::Fitting model to feature number 341, X0ef711767e900093167246c3baa0ec2d
2026-08-26 13:28:25.016474 INFO::Fitting model to feature number 342, X80729da8dc44ac0b072ebf04501da8f7
2026-08-26 13:28:25.020362 INFO::Fitting model to feature number 343, c816e73177f1bb2f0de31e8d6a787e9c
2026-08-26 13:28:25.023067 INFO::Fitting model to feature number 344, X58dfaab427cd817165b19ac4a3822d81
2026-08-26 13:28:25.025919 INFO::Fitting model to feature number 345, e3840ff1944a9005ac8bd97818f0be34
2026-08-26 13:28:25.028298 INFO::Fitting model to feature number 346, e23f13c4880a9bef120d582d3b9cc6f8
2026-08-26 13:28:25.030963 INFO::Fitting model to feature number 347, X589ec485d0d65062e45cc72b27c2fa31
2026-08-26 13:28:25.033271 INFO::Fitting model to feature number 348, X47410b2b76ee24da9766c39ad2d67817
2026-08-26 13:28:25.035677 INFO::Fitting model to feature number 349, X9910b78ecfcab8367a1b3ae162fb4cee
2026-08-26 13:28:25.03843 INFO::Fitting model to feature number 350, X9baa43b4420a0d167bab65c675c05461
2026-08-26 13:28:25.041136 INFO::Fitting model to feature number 351, ccc39b97716c05e4fa4b6b5b269d29a6
2026-08-26 13:28:25.044794 INFO::Fitting model to feature number 352, dae4a7c414685374d8ea6d1f9ffb4707
2026-08-26 13:28:25.049201 INFO::Fitting model to feature number 353, f86ab1314d983f8e2bbe1b89795fe084
2026-08-26 13:28:25.053887 INFO::Fitting model to feature number 354, X8f51a564f763a2c7a93a85540c5763d2
2026-08-26 13:28:25.057545 INFO::Fitting model to feature number 355, X9b1518c1061247b7f49b0ef1a900914a
2026-08-26 13:28:25.060649 INFO::Fitting model to feature number 356, X9cf24ad9887eff6ca510f3629e38c25a
2026-08-26 13:28:25.062832 INFO::Fitting model to feature number 357, c43ca33ddcf32345e699d8c2aaf25874
2026-08-26 13:28:25.06505 INFO::Fitting model to feature number 358, X02d6ac442ceffa833eb9dad31596e0bc
2026-08-26 13:28:25.067011 INFO::Fitting model to feature number 359, d146a78b2cc9ce47a8e115a7bbc275f2
2026-08-26 13:28:25.069714 INFO::Fitting model to feature number 360, X8fbb15a65d1c62319996bd1c022f13bc
2026-08-26 13:28:25.071908 INFO::Fitting model to feature number 361, X1f3e0e00723a8b239da5ee4874e79498
2026-08-26 13:28:25.073866 INFO::Fitting model to feature number 362, X0b7ee59778fc8e0377f8091c86b4f678
2026-08-26 13:28:25.076284 INFO::Fitting model to feature number 363, X2c17c5c0f090ca576c79d0b03b60ee00
2026-08-26 13:28:25.078479 INFO::Fitting model to feature number 364, b742d2c5dc2d56380a963392a7e31ede
2026-08-26 13:28:25.081558 INFO::Fitting model to feature number 365, e710b8ac685f11cc7c09374158f8e5f0
2026-08-26 13:28:25.084842 INFO::Fitting model to feature number 366, a5e9a1e4d958cbfbbee1e64da0713aee
2026-08-26 13:28:25.087915 INFO::Fitting model to feature number 367, X61ed6ce1622d7abc236fcb34e383b9df
2026-08-26 13:28:25.091154 INFO::Fitting model to feature number 368, X6ef0ba7972a3d850ab53b4cff1ecc30a
2026-08-26 13:28:25.094776 INFO::Fitting model to feature number 369, a00d340debf632ef045e74ec7f5c555d
2026-08-26 13:28:25.09708 INFO::Fitting model to feature number 370, X30be729f52504b55c5a0094eef64a555
2026-08-26 13:28:25.100445 INFO::Fitting model to feature number 371, X7959e4a1f3af0b7246a5f6684f36f684
2026-08-26 13:28:25.104623 INFO::Fitting model to feature number 372, X0fee2b4a205b2c372db7eadfa0b0b6aa
2026-08-26 13:28:25.108249 INFO::Fitting model to feature number 373, X6727c3bf49aac216bd6f65c6de201a53
2026-08-26 13:28:25.11063 INFO::Fitting model to feature number 374, ec159155f5070da81cea4db2782b2fb4
2026-08-26 13:28:25.112825 INFO::Fitting model to feature number 375, ea4ffb93b25f4719ae273ed8239279f9
2026-08-26 13:28:25.116551 INFO::Fitting model to feature number 376, b3ab9de04f409a89e694d048cf3e3c9d
2026-08-26 13:28:25.120175 INFO::Fitting model to feature number 377, X36a23b82c80f21796926d7fcfd83c56e
2026-08-26 13:28:25.123552 INFO::Fitting model to feature number 378, X100c2a43ee71e19b2d15def65bbbddf1
2026-08-26 13:28:25.125915 INFO::Fitting model to feature number 379, e36abf8dae2cc4c40613bde27cbd5dfa
2026-08-26 13:28:25.128045 INFO::Fitting model to feature number 380, ed59f72e69215cd9dc582ed9cf1928b5
2026-08-26 13:28:25.130427 INFO::Fitting model to feature number 381, X852938775fb1fa6659258dd516e1e3af
2026-08-26 13:28:25.132438 INFO::Fitting model to feature number 382, c3ff5c573fb0e919a4b6e39d5db06dd8
2026-08-26 13:28:25.134386 INFO::Fitting model to feature number 383, bb3ca21d9beb2ae184270bc5fe9934f3
2026-08-26 13:28:25.136743 INFO::Fitting model to feature number 384, X03ff4389751571679d504b8b37d762d1
2026-08-26 13:28:25.138758 INFO::Fitting model to feature number 385, d7a918a7525eed5b6550138bffa096d9
2026-08-26 13:28:25.140877 INFO::Fitting model to feature number 386, bf4cad5efdc02f2652b28b45910a712c
2026-08-26 13:28:25.142819 INFO::Fitting model to feature number 387, cecad6155886fdcc1170a958b914c687
2026-08-26 13:28:25.146172 INFO::Fitting model to feature number 388, cc098a451984bb7d5258610536487e6b
2026-08-26 13:28:25.149177 INFO::Fitting model to feature number 389, X049c1dc13f5227937ae467038e6e7fb5
2026-08-26 13:28:25.152503 INFO::Fitting model to feature number 390, X4ad474a9bcf99ecf8289c726bef8f870
2026-08-26 13:28:25.15566 INFO::Fitting model to feature number 391, bff7614d4a36145892a87e3866bb8da6
2026-08-26 13:28:25.158506 INFO::Fitting model to feature number 392, X859b3c7c3c892ff654d71b1a4f5616d9
2026-08-26 13:28:25.161634 INFO::Fitting model to feature number 393, c9f1ce70b80baad0ea9f9cdc6db6a53d
2026-08-26 13:28:25.165746 INFO::Fitting model to feature number 394, X5a2cf0b02ffd960df67008265f6a7c83
2026-08-26 13:28:25.175382 INFO::Fitting model to feature number 395, X8bc8a577f444654080e1cbbcbf3624df
2026-08-26 13:28:25.179921 INFO::Fitting model to feature number 396, X36375a7853fa24dd6faeb09805fa96e5
2026-08-26 13:28:25.182736 INFO::Fitting model to feature number 397, X89a378c805998b10d2351592c89d2cf7
2026-08-26 13:28:25.184895 INFO::Fitting model to feature number 398, X5d36ca9a32caa813c493ba5e27839d25
2026-08-26 13:28:25.188323 INFO::Fitting model to feature number 399, X9746789056f51c1d02d324ad9fe44ef5
2026-08-26 13:28:25.191635 INFO::Fitting model to feature number 400, ca2907ac922c683fcd8be0c5c3c8558d
2026-08-26 13:28:25.193681 INFO::Fitting model to feature number 401, X8f46f6c883ff0376f5cfdc149e6de56f
2026-08-26 13:28:25.19573 INFO::Fitting model to feature number 402, X392f12d7facbcb27beba31a0ed941026
2026-08-26 13:28:25.197827 INFO::Fitting model to feature number 403, be86892fe09aec00b1c6229434d21a7a
2026-08-26 13:28:25.199833 INFO::Fitting model to feature number 404, eb424acc9c9d4d1eca211aa7064d8984
2026-08-26 13:28:25.201803 INFO::Fitting model to feature number 405, X6fa042875e142902220523bdc99b5348
2026-08-26 13:28:25.204436 INFO::Fitting model to feature number 406, b24862dfbb76f24007528f15e4f40ea3
2026-08-26 13:28:25.263086 INFO::Fitting model to feature number 407, X7962e05010d48d659881432184e5938b
2026-08-26 13:28:25.26552 INFO::Fitting model to feature number 408, X250eff414ba3de003b8ddd7f5f264dc0
2026-08-26 13:28:25.268269 INFO::Fitting model to feature number 409, X7f30f260ebdc3f8a29e9843f4fb14423
2026-08-26 13:28:25.270854 INFO::Fitting model to feature number 410, e0514385f1b05da13d49959f78a0cc14
2026-08-26 13:28:25.273024 INFO::Fitting model to feature number 411, X9603f9c9ffef24dfa054269272ebdef1
2026-08-26 13:28:25.275099 INFO::Fitting model to feature number 412, b2ec0c366fd68090f7f876d279e9b01a
2026-08-26 13:28:25.277209 INFO::Fitting model to feature number 413, X3f07c5798efd8deb6095045db89ee137
2026-08-26 13:28:25.279609 INFO::Fitting model to feature number 414, cff90739aec43855cf9b4c0c5a7fb2b1
2026-08-26 13:28:25.28162 INFO::Fitting model to feature number 415, X0d91c2a2269c88a37e40035c04cfbde4
2026-08-26 13:28:25.283976 INFO::Fitting model to feature number 416, X6644c6e2888ae64e209143951a4d5ebd
2026-08-26 13:28:25.28792 INFO::Fitting model to feature number 417, X39bda7adc3f729bdf426bf3590d1d82e
2026-08-26 13:28:25.292251 INFO::Fitting model to feature number 418, X30496310bc9b77784fe92610a1e95318
2026-08-26 13:28:25.296315 INFO::Fitting model to feature number 419, X03401bc8d2fe3705459352cd38017472
2026-08-26 13:28:25.305433 INFO::Fitting model to feature number 420, bc88baaaa9aad80ae536eb66fdb7f40e
2026-08-26 13:28:25.309734 INFO::Fitting model to feature number 421, f1cacd9e70445f24c4619f0fca89b7f4
2026-08-26 13:28:25.314637 INFO::Fitting model to feature number 422, e3cbc21f21cc057a0bbd9895488c6f4e
2026-08-26 13:28:25.333005 INFO::Fitting model to feature number 423, X483a76f36be323593bc9e71a62dee74a
2026-08-26 13:28:25.33675 INFO::Fitting model to feature number 424, X98f6b0c326913c4ba0315eb27e8ac5a0
2026-08-26 13:28:25.339575 INFO::Fitting model to feature number 425, X687e1d94d2bfc46843a21e7706df067e
2026-08-26 13:28:25.341647 INFO::Fitting model to feature number 426, X33cafdb23caa43852d51b77b1c33f122
2026-08-26 13:28:25.34371 INFO::Fitting model to feature number 427, X5170a06c03ce0079bf7130ff41477137
2026-08-26 13:28:25.345906 INFO::Fitting model to feature number 428, X6e784413f3828283e81f4f562ed3cbc0
2026-08-26 13:28:25.347826 INFO::Fitting model to feature number 429, c344c6c584c663a222c735d50eabb47d
2026-08-26 13:28:25.349713 INFO::Fitting model to feature number 430, b9f8023e34e86ed2cbd5cc19411235e1
2026-08-26 13:28:25.351991 INFO::Fitting model to feature number 431, aaad296d50874b161941320c3dc8a96d
2026-08-26 13:28:25.354424 INFO::Fitting model to feature number 432, X70be9fe6bf4d2d0718f98598f0e673b3
2026-08-26 13:28:25.356887 INFO::Fitting model to feature number 433, bb23a9ce44ee3a69cccad6ae72107707
2026-08-26 13:28:25.359641 INFO::Fitting model to feature number 434, X7bd7084024ca60fbe2bb36dacbe08260
2026-08-26 13:28:25.362158 INFO::Fitting model to feature number 435, c42296970268b4b3c569158c282ebd5f
2026-08-26 13:28:25.364839 INFO::Fitting model to feature number 436, f3085612606c1365160c183a78783d29
2026-08-26 13:28:25.368979 INFO::Fitting model to feature number 437, X06ebb8f50c5fb9f85eadf2f14ab85b2b
2026-08-26 13:28:25.373775 INFO::Fitting model to feature number 438, d8bb3dc494ed0b0960a5cb8dd536d9bc
2026-08-26 13:28:25.378886 INFO::Fitting model to feature number 439, X229aa18a3bfba920e9951a243906ee23
2026-08-26 13:28:25.383081 INFO::Fitting model to feature number 440, X9e33a74eef095bde8456b4aabd5c6d08
2026-08-26 13:28:25.38649 INFO::Fitting model to feature number 441, ade33384c1d9cf6068574bca1f893e0a
2026-08-26 13:28:25.389939 INFO::Fitting model to feature number 442, b1d23615b665e2b790984181db45b651
2026-08-26 13:28:25.393015 INFO::Fitting model to feature number 443, X8e7ea53195da7c5b83031cbf25dd92d6
2026-08-26 13:28:25.395017 INFO::Fitting model to feature number 444, b78e9c4260d66a65c87ac5435c0f8d25
2026-08-26 13:28:25.39693 INFO::Fitting model to feature number 445, X12a6e3fb921672f971db30af5c342697
2026-08-26 13:28:25.398659 INFO::Fitting model to feature number 446, e0a024ed10311454244dd277df175f62
2026-08-26 13:28:25.401547 INFO::Fitting model to feature number 447, X10d1b2a4c3bbade23c1d625b00e4aad0
2026-08-26 13:28:25.404337 INFO::Fitting model to feature number 448, X2005002db75f1c8dc00b4ee4ba74b9b7
2026-08-26 13:28:25.406276 INFO::Fitting model to feature number 449, X233f4984b368c629dce62662fbf10513
2026-08-26 13:28:25.407978 INFO::Fitting model to feature number 450, X803e9dc8e8c4c4fd8c7e399c8eb89a5c
2026-08-26 13:28:25.409676 INFO::Fitting model to feature number 451, X61d96b86c674ec6276984c9be7a81efc
2026-08-26 13:28:25.411454 INFO::Fitting model to feature number 452, X7a26b18ecf36e25e17aebec4dec9295d
2026-08-26 13:28:25.414565 INFO::Fitting model to feature number 453, X11d9f4dde6fe2ad07a187337b9a2025c
2026-08-26 13:28:25.416702 INFO::Fitting model to feature number 454, X7e9bbf2f6743ed6f0dcc535ed2bfe49e
2026-08-26 13:28:25.419768 INFO::Fitting model to feature number 455, cb5ec78471cee394f3979e8918c5af2b
2026-08-26 13:28:25.424016 INFO::Fitting model to feature number 456, fa6c36b9b01fda188f48c94338e3fb17
2026-08-26 13:28:25.427962 INFO::Fitting model to feature number 457, X1165a294592e01173220170665f33e60
2026-08-26 13:28:25.431618 INFO::Fitting model to feature number 458, X0d3a3d1cf7d4f42efdf5f41ab5a1c3b0
2026-08-26 13:28:25.43839 INFO::Fitting model to feature number 459, X2be723bd0dc53b993b03b5d8417b9601
2026-08-26 13:28:25.443089 INFO::Fitting model to feature number 460, a901a8cfc9728d0ffa822c9c0f345b2d
2026-08-26 13:28:25.447657 INFO::Fitting model to feature number 461, ee23936eb7d1dd1c67d0bfa7f12f9454
2026-08-26 13:28:25.451488 INFO::Fitting model to feature number 462, cef2466032d7665dd9cede573cf09004
2026-08-26 13:28:25.454056 INFO::Fitting model to feature number 463, X3748fcbd8c4920df7f8c97a1c3670738
2026-08-26 13:28:25.456101 INFO::Fitting model to feature number 464, f0813c9877529cb1418e97b2650e1022
2026-08-26 13:28:25.457958 INFO::Fitting model to feature number 465, X08aac133c8cf588211af104b22d9d65d
2026-08-26 13:28:25.45983 INFO::Fitting model to feature number 466, X0291d4c65844b95d146ec0ea2fff981c
2026-08-26 13:28:25.461616 INFO::Fitting model to feature number 467, X0546fde1ebee54d6a547602280aedc1f
2026-08-26 13:28:25.463375 INFO::Fitting model to feature number 468, edace155e4b31c185330bcc89327ce21
2026-08-26 13:28:25.465107 INFO::Fitting model to feature number 469, X4a0b292ba716582f9af46694458c0b9b
2026-08-26 13:28:25.466983 INFO::Fitting model to feature number 470, a39894fcc063366b3c7cefa5eccec76e
2026-08-26 13:28:25.468832 INFO::Fitting model to feature number 471, d05fe7df65585fab46e1e52def2185bd
2026-08-26 13:28:25.470548 INFO::Fitting model to feature number 472, X530d24908759df11439f922b6b553c34
2026-08-26 13:28:25.47233 INFO::Fitting model to feature number 473, X7e1ec4f998a4a736caa4324f1187b0f3
2026-08-26 13:28:25.474034 INFO::Fitting model to feature number 474, a26c0e21cf23f74ec2224597a8623a7a
2026-08-26 13:28:25.475753 INFO::Fitting model to feature number 475, X889f818231133182f77d8aaafa2b12c4
2026-08-26 13:28:25.477473 INFO::Fitting model to feature number 476, X0c22ff0015c6c4f858371ebdccb7c9f2
2026-08-26 13:28:25.479286 INFO::Fitting model to feature number 477, X3cf7a40b71ff732e2433cb9cd5d40590
2026-08-26 13:28:25.481045 INFO::Fitting model to feature number 478, X5715317b3524541fa7d27d5a5a46c109
2026-08-26 13:28:25.482796 INFO::Fitting model to feature number 479, X41a2f7eaeef2198f0ff65bc193542597
2026-08-26 13:28:25.484529 INFO::Fitting model to feature number 480, X91c17131cd04751c175243c37e94f7eb
2026-08-26 13:28:25.486277 INFO::Fitting model to feature number 481, bd6053e1cb713e262f4936d5b2c5f240
2026-08-26 13:28:25.488055 INFO::Fitting model to feature number 482, X6443898054518f4a3520abd88ae8a640
2026-08-26 13:28:25.489793 INFO::Fitting model to feature number 483, af32dc1e7f2bc423cb9a27950296f706
2026-08-26 13:28:25.491615 INFO::Fitting model to feature number 484, c930dd6e058d54650d29e1851106646b
2026-08-26 13:28:25.493267 INFO::Fitting model to feature number 485, X4b9f9723551325d3ff2ee04cfe1700eb
2026-08-26 13:28:25.494944 INFO::Fitting model to feature number 486, X8439878c2539bca397c91c2cf9a281fa
2026-08-26 13:28:25.4966 INFO::Fitting model to feature number 487, X0fd37bd1907b7290a345be00eea52f4f
2026-08-26 13:28:25.498362 INFO::Fitting model to feature number 488, e1444d1a3070b9105c99791aacb6a926
2026-08-26 13:28:25.500651 INFO::Fitting model to feature number 489, X79929954482a611c6ada4bc0c9072ec1
2026-08-26 13:28:25.503554 INFO::Fitting model to feature number 490, X5fa1f70939d54c077ed7e04f0e76c3ee
2026-08-26 13:28:25.506976 INFO::Fitting model to feature number 491, X3f19b8f4a84f29f0359fe8b9c8dad80b
2026-08-26 13:28:25.511528 INFO::Fitting model to feature number 492, c5ea68c4b12847e119110229c12064b0
2026-08-26 13:28:25.514984 INFO::Fitting model to feature number 493, b19f02013150c2b3f070a2cc5f3ec028
2026-08-26 13:28:25.517621 INFO::Fitting model to feature number 494, X7de5958338db62682325c264856a10fd
2026-08-26 13:28:25.519963 INFO::Fitting model to feature number 495, X4ca75eef9737fb5550895261c1f6bbcb
2026-08-26 13:28:25.522232 INFO::Fitting model to feature number 496, f19fda84a12829f2d6033c22da243230
2026-08-26 13:28:25.525186 INFO::Fitting model to feature number 497, X1aa45332969575442e0a457ef371669d
2026-08-26 13:28:25.527529 INFO::Fitting model to feature number 498, X35839cd48c98d20528447c4eb68c0066
2026-08-26 13:28:25.529596 INFO::Fitting model to feature number 499, bd00bbfd73921b6f6c80e4d1205c8fd8
2026-08-26 13:28:25.531551 INFO::Fitting model to feature number 500, X93e6420978086cd227e7a6d24031ea8d
2026-08-26 13:28:25.533463 INFO::Fitting model to feature number 501, X9f13fbe002a0ec4ae61a461e52594174
2026-08-26 13:28:25.535549 INFO::Fitting model to feature number 502, X9de53bc93ce1fc7b28089595cd21049e
2026-08-26 13:28:25.537839 INFO::Fitting model to feature number 503, X139f25691465fa60e55b064adbdc8f77
2026-08-26 13:28:25.539845 INFO::Fitting model to feature number 504, c7040b0e9355847fdd8d36176c56d00e
2026-08-26 13:28:25.541948 INFO::Fitting model to feature number 505, d62391c05982dbd55ceee73ed0aa48fa
2026-08-26 13:28:25.543843 INFO::Fitting model to feature number 506, X98ddab7d9d2559683ac8ef703b56173c
2026-08-26 13:28:25.545927 INFO::Fitting model to feature number 507, e0c4d4bfc3ae00a90ffd60b7467b9f58
2026-08-26 13:28:25.547928 INFO::Fitting model to feature number 508, X68262884f1021c896f8e1bf7348d773c
2026-08-26 13:28:25.549766 INFO::Fitting model to feature number 509, d201cbacd1c567ff782a4fefb0caf09b
2026-08-26 13:28:25.55263 INFO::Fitting model to feature number 510, X4473ac847f597164696bc96da74ca753
2026-08-26 13:28:25.555374 INFO::Fitting model to feature number 511, X9df8d0786499fd3af829e9c76e005b49
2026-08-26 13:28:25.558292 INFO::Fitting model to feature number 512, X3593517e6f3c8ddd66ec5d42cad3f8b9
2026-08-26 13:28:25.561 INFO::Fitting model to feature number 513, cd86b3836742b402c685dccd9d209974
2026-08-26 13:28:25.564261 INFO::Fitting model to feature number 514, X2c8127324a44177e3a584edac7b6d9aa
2026-08-26 13:28:25.567338 INFO::Fitting model to feature number 515, X0f16f8de29c25a939a129dd8dc662309
2026-08-26 13:28:25.571073 INFO::Fitting model to feature number 516, X742c95121c4d112a95f42caacb60d00b
2026-08-26 13:28:25.57349 INFO::Fitting model to feature number 517, fd7ab3434f28368d64590296348fa87c
2026-08-26 13:28:25.57571 INFO::Fitting model to feature number 518, fe0f9df98d755d5ff209e4e1708b1435
2026-08-26 13:28:25.578102 INFO::Fitting model to feature number 519, X1f7873184c505b67b8fc07b1cc93daa2
2026-08-26 13:28:25.580257 INFO::Fitting model to feature number 520, X374dece00e6359da8755760ef22ce3f2
2026-08-26 13:28:25.585924 INFO::Fitting model to feature number 521, X568ebf1ecd38e4f10bb09f485eb5ba51
2026-08-26 13:28:25.590539 INFO::Fitting model to feature number 522, X6cdb80096b41fa18a2b5a492fdd5a13d
2026-08-26 13:28:25.593193 INFO::Fitting model to feature number 523, X1578e8e43620e7433014b4de3d5e59d3
2026-08-26 13:28:25.596893 INFO::Fitting model to feature number 524, X28e8cee608bb6332250305af82111939
2026-08-26 13:28:25.600261 INFO::Fitting model to feature number 525, X175bb48e4547fa96279216bb447f9dbe
2026-08-26 13:28:25.603577 INFO::Fitting model to feature number 526, X243dcd8a51535c43d71a74c858b555a7
2026-08-26 13:28:25.606466 INFO::Fitting model to feature number 527, X1cb3558d8e931cbfe4138dc6111e0892
2026-08-26 13:28:25.609021 INFO::Fitting model to feature number 528, X1a7ee377d67e2a96fc86dd2c4224be54
2026-08-26 13:28:25.610907 INFO::Fitting model to feature number 529, ee206f0fd19abe41b8ebfea30bedd064
2026-08-26 13:28:25.612866 INFO::Fitting model to feature number 530, X503c322982d287ae459c8f2d4d246316
2026-08-26 13:28:25.614836 INFO::Fitting model to feature number 531, db79e23ce1e494d6511308d01d9c9d48
2026-08-26 13:28:25.616791 INFO::Fitting model to feature number 532, a272077e460f6e5dfede0a2c7bc5a27b
2026-08-26 13:28:25.619739 INFO::Fitting model to feature number 533, c341becad010ef423b0a2081960f45da
2026-08-26 13:28:25.621781 INFO::Fitting model to feature number 534, X94e57b830b2196a64ed739a4895da2eb
2026-08-26 13:28:25.625041 INFO::Fitting model to feature number 535, X36ffc715169853bcd6889475cba51102
2026-08-26 13:28:25.62761 INFO::Fitting model to feature number 536, X41138974e340e72773d2b83a3f86e1d9
2026-08-26 13:28:25.629643 INFO::Fitting model to feature number 537, c367b846783e73bee04d47c91e1d0178
2026-08-26 13:28:25.631573 INFO::Fitting model to feature number 538, X8fc2ef4e56ee8777d7789d081106895a
2026-08-26 13:28:25.63373 INFO::Fitting model to feature number 539, de08aafe78a41afe20cddb023dd0371d
2026-08-26 13:28:25.636158 INFO::Fitting model to feature number 540, X1f582b58a39968c91ff3f3c2d6405e01
2026-08-26 13:28:25.638186 INFO::Fitting model to feature number 541, X6b637827a7b7d34bc893fb0a41bfe8ba
2026-08-26 13:28:25.640253 INFO::Fitting model to feature number 542, X4a8d49983280bcba754cc84f20feda16
2026-08-26 13:28:25.642845 INFO::Fitting model to feature number 543, X1d2142dd334e5a850ef63951aa071171
2026-08-26 13:28:25.64523 INFO::Fitting model to feature number 544, fe67011d87678cd172e2f7de022b664f
2026-08-26 13:28:25.647954 INFO::Fitting model to feature number 545, X598cd8e6a5ad45271b24be0b5fe5ae04
2026-08-26 13:28:25.650756 INFO::Fitting model to feature number 546, X8c41b0239c04c51eeac5450d1696cb75
2026-08-26 13:28:25.65346 INFO::Fitting model to feature number 547, X082dbee02d1a3849ddc0a454984b119b
2026-08-26 13:28:25.655739 INFO::Fitting model to feature number 548, X921e4e19e271aaa3b02c3972988b8e6e
2026-08-26 13:28:25.65824 INFO::Fitting model to feature number 549, X81b2aba73c23bae26d23bee747da6876
2026-08-26 13:28:25.660505 INFO::Fitting model to feature number 550, X348406bb8516b9cdf17bf6b5ed1f4988
2026-08-26 13:28:25.662701 INFO::Fitting model to feature number 551, f52cc1224cac807cd42d9a901ed53c9b
2026-08-26 13:28:25.665018 INFO::Fitting model to feature number 552, acbdfc14c6d9f647954eeab899f2b241
2026-08-26 13:28:25.667173 INFO::Fitting model to feature number 553, fbdb7a1f9f60a77a49173184462d2a89
2026-08-26 13:28:25.669457 INFO::Fitting model to feature number 554, X61864d88d8d47b4425b6516032b9e1ec
2026-08-26 13:28:25.671369 INFO::Fitting model to feature number 555, X6c04fda77ffab719b8fc0280eee58e6b
2026-08-26 13:28:25.673295 INFO::Fitting model to feature number 556, X5f510cf434513fffae3da23d8a55ced4
2026-08-26 13:28:25.675121 INFO::Fitting model to feature number 557, X1f083ab9dab0883d71b83772320dde1c
2026-08-26 13:28:25.690648 INFO::Fitting model to feature number 558, X697ca733237d1dcee287e9441ba1293d
2026-08-26 13:28:25.694224 INFO::Fitting model to feature number 559, cff6472ba77a388ca06cf1af8b2728bb
2026-08-26 13:28:25.6971 INFO::Fitting model to feature number 560, X14b956e0d5a0ddf08d812e40de76cc71
2026-08-26 13:28:25.699154 INFO::Fitting model to feature number 561, ba2aff3a443930d1121498b38ad5146b
2026-08-26 13:28:25.700943 INFO::Fitting model to feature number 562, f164144dd85cc0e4f9d54b0e3c96b2e0
2026-08-26 13:28:25.702925 INFO::Fitting model to feature number 563, X3bb0873fa00ab16783b5603a5e1a8632
2026-08-26 13:28:25.70615 INFO::Fitting model to feature number 564, X01c071fe83cce6cf3f04cb51a16f6cf9
2026-08-26 13:28:25.708619 INFO::Fitting model to feature number 565, X9f2f6b16688668bbe2123f87798d7928
2026-08-26 13:28:25.710949 INFO::Fitting model to feature number 566, fdb61a2a3e6ccb8210b394742caebe0c
2026-08-26 13:28:25.713326 INFO::Fitting model to feature number 567, X5bad5126c04dd53cced51ba470a5ec20
2026-08-26 13:28:25.715985 INFO::Fitting model to feature number 568, X74181b49f562ea46e73c16368391164a
2026-08-26 13:28:25.719489 INFO::Fitting model to feature number 569, X3809c8d323509ea39c77771cf070ae93
2026-08-26 13:28:25.727161 INFO::Fitting model to feature number 570, X1029ddced74f5f79fe2f9d312071964e
2026-08-26 13:28:25.731996 INFO::Fitting model to feature number 571, a4eaea0f66b52319ff4582f90558249e
2026-08-26 13:28:25.736572 INFO::Fitting model to feature number 572, X52a708b863082c9521f9c2386741828b
2026-08-26 13:28:25.740099 INFO::Fitting model to feature number 573, X8a51991afd326ba189798359de0c1b30
2026-08-26 13:28:25.742993 INFO::Fitting model to feature number 574, X5ca822615f9425503909ec22e565e37c
2026-08-26 13:28:25.745468 INFO::Fitting model to feature number 575, ee53dae6330129322639543266f3dddd
2026-08-26 13:28:25.747663 INFO::Fitting model to feature number 576, X8c19b05fd7766c9cc96ebf6c86f41869
2026-08-26 13:28:25.75133 INFO::Fitting model to feature number 577, a79ede83e7055c3ce8bb8d9e341814b7
2026-08-26 13:28:25.755458 INFO::Fitting model to feature number 578, X190402c8ff702ef3fa8d65382437c88f
2026-08-26 13:28:25.75782 INFO::Fitting model to feature number 579, X47ceef7ab8b6e541e8f6a8bf3ed20799
2026-08-26 13:28:25.760403 INFO::Fitting model to feature number 580, e8ee1f95bffc82d74a71d559aad11494
2026-08-26 13:28:25.762771 INFO::Fitting model to feature number 581, c87ad8e3ad7ce1eeddc19540c9b297dd
2026-08-26 13:28:25.765191 INFO::Fitting model to feature number 582, a32ea7d20f160ac224d31aac8e824004
2026-08-26 13:28:25.767408 INFO::Fitting model to feature number 583, X59c76ee5680adff044b85a75fc900503
2026-08-26 13:28:25.769777 INFO::Fitting model to feature number 584, X41c97694fe462b5275efd68e7aed51fb
2026-08-26 13:28:25.772167 INFO::Fitting model to feature number 585, X4d13bae4aef22901abfe7ae1ee775f30
2026-08-26 13:28:25.774411 INFO::Fitting model to feature number 586, X9f672e756481f26855d8843d6759ea70
2026-08-26 13:28:25.789676 INFO::Fitting model to feature number 587, X688056e6131aa21a7be1c8fd64ae49ab
2026-08-26 13:28:25.792423 INFO::Fitting model to feature number 588, X4c6ef9c9ba78dd8049bc2d7833429792
2026-08-26 13:28:25.795117 INFO::Fitting model to feature number 589, X03e54834b751bd82f5fbb5b4272d3973
2026-08-26 13:28:25.797651 INFO::Fitting model to feature number 590, bed4562eceb89c4058975e46a7ed3e8e
2026-08-26 13:28:25.801444 INFO::Fitting model to feature number 591, X820ceeb37e4870dbcb427b839dc4f878
2026-08-26 13:28:25.80482 INFO::Fitting model to feature number 592, e97a019011b88fdf3a487d3ba6ca25c7
2026-08-26 13:28:25.807441 INFO::Fitting model to feature number 593, de91d86ca4553fad5b571cab4bc0c643
2026-08-26 13:28:25.809828 INFO::Fitting model to feature number 594, X915893668406e990f3b8ee735a5a79fd
2026-08-26 13:28:25.812365 INFO::Fitting model to feature number 595, f7b28a60e6852248c9b4d979baab1d31
2026-08-26 13:28:25.815089 INFO::Fitting model to feature number 596, X5668df213932ccf3cd904b30b7ab2508
2026-08-26 13:28:25.817411 INFO::Fitting model to feature number 597, db981247f9c4c3ac082c14f0ee3a488d
2026-08-26 13:28:25.820498 INFO::Fitting model to feature number 598, X2c7168ee385176ea4961facb24c63cad
2026-08-26 13:28:25.822757 INFO::Fitting model to feature number 599, f3cfc062a3f3de29ec3667aa35ff0334
2026-08-26 13:28:25.824939 INFO::Fitting model to feature number 600, df7b64b64e47e9f20f9baa0e5396523e
2026-08-26 13:28:25.82708 INFO::Fitting model to feature number 601, X4bc00206309fb40e7ff1c26c4cf9001c
2026-08-26 13:28:25.830041 INFO::Fitting model to feature number 602, X923274ca375c4004599e3a5cdd48c31f
2026-08-26 13:28:25.832374 INFO::Fitting model to feature number 603, X0e52646b5cf5e81019ce2a8c3ed002ff
2026-08-26 13:28:25.835543 INFO::Fitting model to feature number 604, X68a47d530b5fd8e48b51014d4e79c7d9
2026-08-26 13:28:25.83776 INFO::Fitting model to feature number 605, X723acb3ec6d8618bdc9737e16ca6aea4
2026-08-26 13:28:25.839897 INFO::Fitting model to feature number 606, f1f2fb690710ee376cdc798dbccf82ac
2026-08-26 13:28:25.842043 INFO::Fitting model to feature number 607, X9c29ca3305d99417f34e88524a8a6ecc
2026-08-26 13:28:25.844317 INFO::Fitting model to feature number 608, X628bfeeaed0d0c27092e24e5b4bf5398
2026-08-26 13:28:25.846538 INFO::Fitting model to feature number 609, X603182305206aed5981d79e4c8b05bb4
2026-08-26 13:28:25.848812 INFO::Fitting model to feature number 610, X2eb326352c654985be3eb1d86cf467a2
2026-08-26 13:28:25.851136 INFO::Fitting model to feature number 611, d258b7223d5bf3808c30ac339ce8f89a
2026-08-26 13:28:25.859736 INFO::Fitting model to feature number 612, ae46db7eeb4b7d6238c30a87e50ed788
2026-08-26 13:28:25.864662 INFO::Fitting model to feature number 613, X49527a4ca37e377b7ca849951aadb83c
2026-08-26 13:28:25.870069 INFO::Fitting model to feature number 614, X4f5fc09b11a0c49cc7911a4580cf2654
2026-08-26 13:28:25.873642 INFO::Fitting model to feature number 615, b8af065d521c725a6e771d0b1d6d22e5
2026-08-26 13:28:25.87631 INFO::Fitting model to feature number 616, X002b320d8713b10e7088c386ef2ff9ac
2026-08-26 13:28:25.878905 INFO::Fitting model to feature number 617, X75ac7b1808427320d21b6760a90003df
2026-08-26 13:28:25.881215 INFO::Fitting model to feature number 618, X3947c259f2ee2b222248f2d2dd1a2d6b
2026-08-26 13:28:25.883495 INFO::Fitting model to feature number 619, X6b02c69435b43677347a077e96f24d29
2026-08-26 13:28:25.885755 INFO::Fitting model to feature number 620, deabb25daba77bf7bf2aed0f1525c9d9
2026-08-26 13:28:25.887961 INFO::Fitting model to feature number 621, X9f8ba90b91b62893dc7d2de8efeddbdf
2026-08-26 13:28:25.890144 INFO::Fitting model to feature number 622, X21bdc1a8fcfe79d7ecac6852392b5b34
2026-08-26 13:28:25.892275 INFO::Fitting model to feature number 623, X97069d08adef9da9a4cc401880721dfd
2026-08-26 13:28:25.894517 INFO::Fitting model to feature number 624, X9a521902410b1ebf63819daa6f9fffeb
2026-08-26 13:28:25.896652 INFO::Fitting model to feature number 625, X1113d15f60158717a275260bd728ef07
2026-08-26 13:28:25.898731 INFO::Fitting model to feature number 626, X383e3b4b3f1ff85a6655197bb5c59739
2026-08-26 13:28:25.900833 INFO::Fitting model to feature number 627, X34f92d363f28125a1a9a62c8b358dd8f
2026-08-26 13:28:25.903148 INFO::Fitting model to feature number 628, X435a18ea36e4d8fdd6d972fd89a3909b
2026-08-26 13:28:25.905347 INFO::Fitting model to feature number 629, c2b44d8299c43196cf5287fe442f4764
2026-08-26 13:28:25.907539 INFO::Fitting model to feature number 630, X6d3aaed471197f4aa3b07d40f7d0e624
2026-08-26 13:28:25.909851 INFO::Fitting model to feature number 631, ac901e65f8691c704a205460cf17beb7
2026-08-26 13:28:25.912 INFO::Fitting model to feature number 632, X669e3d62efc0a2b3771190762052fc42
2026-08-26 13:28:25.914081 INFO::Fitting model to feature number 633, ed8fdd02d4bc21d4e12f0cda0f0632d3
2026-08-26 13:28:25.9162 INFO::Fitting model to feature number 634, X1e1d579f7a590cc0109f2aeb3a7d1fa1
2026-08-26 13:28:25.919013 INFO::Fitting model to feature number 635, X4db9b291915703645d7f1942e9ee11d2
2026-08-26 13:28:25.921715 INFO::Fitting model to feature number 636, a35a58ff54d70ab325580790520a5066
2026-08-26 13:28:25.923963 INFO::Fitting model to feature number 637, X7e85992cf2a988a30842b08b8ea207ff
2026-08-26 13:28:25.92678 INFO::Fitting model to feature number 638, fbb6e0f572fb123ce9333090f647c4f7
2026-08-26 13:28:25.929603 INFO::Fitting model to feature number 639, b6952b03ca6350f94d72b0d823b64a9d
2026-08-26 13:28:25.932061 INFO::Fitting model to feature number 640, X8e40aad8bda86a6c18bde108be6672cc
2026-08-26 13:28:25.936193 INFO::Fitting model to feature number 641, X8f2ad028d51da1b87b2f9c70b030b7b9
2026-08-26 13:28:25.940946 INFO::Fitting model to feature number 642, X85bfc72e5f0daa99d80b14adb80101a4
2026-08-26 13:28:25.944206 INFO::Fitting model to feature number 643, X5cd3a5adccdf4b8a48abf4e3c6d2eaeb
2026-08-26 13:28:25.947303 INFO::Fitting model to feature number 644, bdaa6790f425427a9b23d47182027815
2026-08-26 13:28:25.950167 INFO::Fitting model to feature number 645, f240bbf8585745e520b035530d9056ee
2026-08-26 13:28:25.95329 INFO::Fitting model to feature number 646, ddbbe8062c3f16a6581a6d0780bc0256
2026-08-26 13:28:25.956257 INFO::Fitting model to feature number 647, X80cc08cc4b6e2dabff05acd656a1ebd7
2026-08-26 13:28:25.958915 INFO::Fitting model to feature number 648, d438a05c18b29189a5fde3d32328b2bb
2026-08-26 13:28:25.961432 INFO::Fitting model to feature number 649, X2654fee965702be4f4faa594dd207b7f
2026-08-26 13:28:25.963869 INFO::Fitting model to feature number 650, bf78efa64770f02ea6721bd3e40dd42d
2026-08-26 13:28:25.966285 INFO::Fitting model to feature number 651, X7c4b12c373424406cffeba6d0b213cab
2026-08-26 13:28:25.969288 INFO::Fitting model to feature number 652, X3fa792958434c39af117d53bb45feba7
2026-08-26 13:28:25.971963 INFO::Fitting model to feature number 653, X388578d8ad81c534aaa1e661f0cf747a
2026-08-26 13:28:25.974259 INFO::Fitting model to feature number 654, X43edcb62ca9130f235679447d48e93df
2026-08-26 13:28:25.976547 INFO::Fitting model to feature number 655, e40cb6eeb89859c5d6fa16068437b6c0
2026-08-26 13:28:25.978773 INFO::Fitting model to feature number 656, bfec6ca2084c4092ef4bd88f9cacd914
2026-08-26 13:28:26.028605 INFO::Counting total values for each feature
2026-08-26 13:28:26.048039 INFO::Writing filtered data to file maaslin_results/Patinella_verrucaria/features/filtered_data.tsv
2026-08-26 13:28:26.062046 INFO::Writing filtered, normalized data to file maaslin_results/Patinella_verrucaria/features/filtered_data_norm.tsv
2026-08-26 13:28:26.078814 INFO::Writing filtered, normalized, transformed data to file maaslin_results/Patinella_verrucaria/features/filtered_data_norm_transformed.tsv
2026-08-26 13:28:26.115865 INFO::Writing residuals to file maaslin_results/Patinella_verrucaria/fits/residuals.rds
2026-08-26 13:28:26.121905 INFO::Writing fitted values to file maaslin_results/Patinella_verrucaria/fits/fitted.rds
2026-08-26 13:28:26.125972 INFO::Writing all results to file (ordered by increasing q-values): maaslin_results/Patinella_verrucaria/all_results.tsv
2026-08-26 13:28:26.137312 INFO::Writing the significant results (those which are less than or equal to the threshold of 0.250000 ) to file (ordered by increasing q-values): maaslin_results/Patinella_verrucaria/significant_results.tsv
